// Vitest Snapshot v1

exports[`<ForgotPasswordForm> > renders and matches snapshot type forgot 1`] = `
<div>
  <form
    data-testid="forgot-password-form"
    novalidate=""
  >
    <h2
      class="title"
    >
      reset.forgot_password
    </h2>
    <p
      class="text"
    >
      reset.forgot_text
    </p>
    <div
      class="textField"
    >
      <label
        class="label"
        for="text-field_1235_email"
      >
        reset.email
      </label>
      <div
        class="container"
      >
        <input
          class="input"
          id="text-field_1235_email"
          name="email"
          placeholder="reset.email"
          required=""
          type="email"
          value=""
        />
      </div>
    </div>
    <button
      aria-disabled="false"
      class="button button primary outlined fullWidth"
      type="submit"
    >
      <span>
        reset.email_me
      </span>
    </button>
  </form>
</div>
`;
