// Jest Snapshot v1, https://goo.gl/fbAQLP

exports[`<ForgotPasswordForm> renders and matches snapshot type confirmation 1`] = `
<div>
  <div>
    <h2
      class="title"
    >
      reset.link_sent
    </h2>
    <p
      class="text"
    >
      reset.link_sent_text
    </p>
    <button
      aria-disabled="false"
      class="button button primary outlined fullWidth"
    >
      <span>
        reset.back_login
      </span>
    </button>
    <span
      class="notSure"
    >
      reset.not_sure
    </span>
    <a
      class="link"
      href="/?u=forgot-password"
    >
      reset.try_again
    </a>
  </div>
</div>
`;

exports[`<ForgotPasswordForm> renders and matches snapshot type forgot 1`] = `
<div>
  <form
    data-testid="forgot-password-form"
    novalidate=""
  >
    <h2
      class="title"
    >
      reset.forgot_password
    </h2>
    <p
      class="text"
    >
      reset.forgot_text
    </p>
    <div
      class="textField"
    >
      <label
        class="label"
        for="text-field_1235_email"
      >
        reset.email
      </label>
      <div
        class="container"
      >
        <input
          class="input"
          id="text-field_1235_email"
          name="email"
          placeholder="reset.email"
          required=""
          type="email"
          value=""
        />
      </div>
    </div>
    <button
      aria-disabled="false"
      class="button button primary outlined fullWidth"
      type="submit"
    >
      <span>
        reset.email_me
      </span>
    </button>
  </form>
</div>
`;
