// Vitest Snapshot v1

exports[`<DialogBackButton> > renders and matches snapshot 1`] = `
<div>
  <div
    aria-label="Go back"
    class="_iconButton_0fef65 _dialogBackButton_248199"
    role="button"
    tabindex="0"
  >
    <svg
      aria-hidden="true"
      class="_icon_1e9999"
      focusable="false"
      viewBox="0 0 24 24"
      xmlns="http://www.w3.org/2000/svg"
    >
      <g>
        <path
          d="M20,11V13H8L13.5,18.5L12.08,19.92L4.16,12L12.08,4.08L13.5,5.5L8,11H20Z"
        />
      </g>
    </svg>
  </div>
</div>
`;
