// Vitest Snapshot v1

exports[`<Payment> > renders and matches snapshot 1`] = `
<div>
  <div>
    <div>
      <h3>
        user:payment.payment_method
      </h3>
    </div>
    <div>
      <div
        class="_textField_e16c1b"
      >
        <label
          class="_label_e16c1b"
          for="text-field_1235"
        >
          user:payment.card_number
        </label>
        <p>
          •••• •••• •••• 0002
        </p>
      </div>
      <div
        class="_cardDetails_c57ff5"
      >
        <div
          class="_textField_e16c1b"
        >
          <label
            class="_label_e16c1b"
            for="text-field_1235"
          >
            user:payment.expiry_date
          </label>
          <p>
            03/2030
          </p>
        </div>
        <div
          class="_textField_e16c1b"
        >
          <label
            class="_label_e16c1b"
            for="text-field_1235"
          >
            user:payment.cvc_cvv
          </label>
          <p>
            ******
          </p>
        </div>
      </div>
    </div>
  </div>
  <div>
    <div>
      <h3>
        user:payment.transactions
      </h3>
    </div>
    <div
      class="_infoBox_c57ff5"
    >
      <p>
        <strong>
          Monthly subscription (recurring)
        </strong>
         
        <br />
        user:payment.price_payed_with
      </p>
      <p>
        T712014024
        <br />
        5/5/2021
      </p>
    </div>
    <div
      class="_infoBox_c57ff5"
    >
      <p>
        <strong>
          Monthly subscription (recurring)
        </strong>
         
        <br />
        user:payment.price_payed_with
      </p>
      <p>
        T177974068
        <br />
        5/5/2021
      </p>
    </div>
    <div
      class="_infoBox_c57ff5"
    >
      <p>
        <strong>
          Monthly subscription (recurring)
        </strong>
         
        <br />
        user:payment.price_payed_with
      </p>
      <p>
        T996601696
        <br />
        5/5/2021
      </p>
    </div>
  </div>
</div>
`;
