// Jest Snapshot v1, https://goo.gl/fbAQLP

exports[`<Payment> renders and matches snapshot 1`] = `
<div>
  <div>
    <div>
      <h3>
        payment.subscription_details
      </h3>
    </div>
  </div>
  <div>
    <div>
      <h3>
        payment.payment_method
      </h3>
    </div>
  </div>
  <div>
    <div>
      <h3>
        payment.transactions
      </h3>
    </div>
  </div>
</div>
`;
