// Jest Snapshot v1, https://goo.gl/fbAQLP

exports[`<PasswordStrength> renders and matches snapshot 1`] = `
<div>
  <div
    class="passwordStrength"
  >
    <div
      class="passwordStrengthBar"
    >
      <div
        class="passwordStrengthFill"
        data-strength="4"
      />
    </div>
    <span>
      registration.password_strength
    </span>
  </div>
</div>
`;
