// Jest Snapshot v1, https://goo.gl/fbAQLP

exports[`<PasswordStrength> renders and matches snapshot 1`] = `
<div>
  <div
    class="passwordStrength"
  >
    <div
      class="passwordStrengthBar"
    >
      <div
        class="passwordStrengthFill"
      />
    </div>
    <span>
      Use a minimum of 6 characters (case sensitive) with at least one number or special character and one capital character
    </span>
  </div>
</div>
`;
