// Vitest Snapshot v1

exports[`<Dialog> > renders and matches snapshot 1`] = `
<body
  style="margin-right: 0px; overflow-y: hidden;"
>
  <div>
    <span>
      Some content
    </span>
    <span>
      Some other content
    </span>
  </div>
  <div
    style="transition: opacity 0.3s ease-in-out; opacity: 0;"
  >
    <div
      class="_modal_6c6c55"
    >
      <div
        class="_backdrop_6c6c55"
        data-testid="backdrop"
      />
      <div
        class="_container_6c6c55"
      >
        <div
          style="transition: transform 0.2s ease, opacity 0.2s ease; transform: translate(0, -15px); opacity: 0; z-index: 15;"
        >
          <div
            class="_dialog_00d559"
          >
            <div
              aria-label="close_modal"
              class="_iconButton_0fef65 _modalCloseButton_b92d69"
              role="button"
              tabindex="0"
            >
              <svg
                aria-hidden="true"
                class="_icon_1e9999"
                focusable="false"
                viewBox="0 0 24 24"
                xmlns="http://www.w3.org/2000/svg"
              >
                <g>
                  <path
                    d="M19 6.41L17.59 5 12 10.59 6.41 5 5 6.41 10.59 12 5 17.59 6.41 19 12 13.41 17.59 19 19 17.59 13.41 12z"
                  />
                  <path
                    d="M0 0h24v24H0z"
                    fill="none"
                  />
                </g>
              </svg>
            </div>
            Dialog contents
          </div>
        </div>
      </div>
    </div>
  </div>
</body>
`;
