// Vitest Snapshot v1

exports[`<Cinema> > renders and matches snapshot 1`] = `
<div>
  <div
    class="_fade_555f3c"
    style="transition: opacity 0.25s ease-in-out; opacity: 0;"
  >
    <div
      class="_cinema_555f3c"
    >
      <div
        class="_container_20cd38"
        data-testid="player-container"
      >
        <div />
      </div>
      <div
        style="transition: opacity 0.25s ease-in-out; opacity: 0;"
      >
        <div
          class="_playerOverlay_555f3c"
        >
          <div
            class="_playerContent_555f3c"
          >
            <div
              aria-label="common:back"
              class="_iconButton_0fef65 _backButton_555f3c"
              role="button"
              tabindex="0"
            >
              <svg
                aria-hidden="true"
                class="_icon_1e9999"
                focusable="false"
                viewBox="0 0 24 24"
                xmlns="http://www.w3.org/2000/svg"
              >
                <g>
                  <path
                    d="M20,11V13H8L13.5,18.5L12.08,19.92L4.16,12L12.08,4.08L13.5,5.5L8,11H20Z"
                  />
                </g>
              </svg>
            </div>
            <div>
              <h2
                class="_title_555f3c"
              >
                Test item title
              </h2>
              <div
                class="_metaContainer_555f3c"
              >
                <div
                  class="_primaryMetadata_555f3c"
                >
                  Primary metadata
                </div>
              </div>
            </div>
          </div>
        </div>
      </div>
    </div>
  </div>
</div>
`;
