// Vitest Snapshot v1, https://vitest.dev/guide/snapshot.html

exports[`<CheckoutForm> > renders and matches snapshot 1`] = `
<div>
  <div>
    <div
      aria-label="Go back"
      class="_iconButton_0fef65 _dialogBackButton_248199"
      role="button"
      tabindex="0"
    >
      <svg
        aria-hidden="true"
        class="_icon_1e9999"
        focusable="false"
        viewBox="0 0 24 24"
        xmlns="http://www.w3.org/2000/svg"
      >
        <g>
          <path
            d="M20,11V13H8L13.5,18.5L12.08,19.92L4.16,12L12.08,4.08L13.5,5.5L8,11H20Z"
          />
        </g>
      </svg>
    </div>
    <h2
      class="_title_abc9bc"
    >
      checkout.payment_method
    </h2>
    <div
      class="_order_abc9bc"
    >
      <div
        class="_orderInfo_abc9bc"
      >
        <p
          class="_orderTitle_abc9bc _orderTitleMargin_abc9bc"
        >
          checkout.monthly
        </p>
      </div>
      <div
        class="_orderPrice_abc9bc"
      >
        <span>
          € 6,99
        </span>
        <small>
          /
          periods.month
        </small>
      </div>
    </div>
    <div
      class="_couponForm_abc9bc"
    >
      <button
        class="_button_f8f296 _default_f8f296 _outlined_f8f296"
      >
        <span>
          checkout.redeem_coupon
        </span>
      </button>
    </div>
    <div>
      <table
        class="_orderTotals_abc9bc"
      >
        <tbody />
        <tfoot>
          <tr>
            <td>
              checkout.total_price
            </td>
            <td>
              € 6,99
            </td>
          </tr>
          <tr>
            <td>
              checkout.applicable_tax
            </td>
            <td>
              € 1,21
            </td>
          </tr>
        </tfoot>
      </table>
    </div>
    <hr
      class="_divider_abc9bc"
    />
    <div
      class="_paymentMethods_abc9bc"
    />
    <div />
  </div>
</div>
`;
