// Jest Snapshot v1, https://goo.gl/fbAQLP

exports[`<Adyen> renders and matches snapshot 1`] = `
<div>
  <div
    class="adyen"
  >
    <div
      class="container"
    >
      <div
        id="adyen_1235_checkout"
      />
    </div>
    <button
      class="button primary fullWidth large"
    >
      <span>
        checkout.continue
      </span>
    </button>
  </div>
</div>
`;
