// Jest Snapshot v1, https://goo.gl/fbAQLP

exports[`<Header /> renders header 1`] = `
<div>
  <header
    class="header static"
  >
    <div
      class="container"
    >
      <div
        class="menu"
      >
        <span>
          Placeholder
        </span>
      </div>
      <div
        class="brand"
      >
        <img
          alt="logo"
          class="logo"
          src="https://cdn.jwplayer.com/images/HXyBCU5N.png"
        />
      </div>
      <nav
        class="nav"
      >
        <a
          aria-current="page"
          class="link active"
          href="/"
        >
          <span>
            Home
          </span>
        </a>
        <a
          class="link"
          href="/p/:id"
        >
          <span>
            Playlist
          </span>
        </a>
        <a
          class="link"
          href="/u"
        >
          <span>
            Settings
          </span>
        </a>
      </nav>
    </div>
  </header>
</div>
`;
