// Jest Snapshot v1, https://goo.gl/fbAQLP

exports[`<Header /> renders header 1`] = `
<div>
  <header
    class=""
  >
    <div>
      <div>
        <span>
          Placeholder
        </span>
      </div>
      <div>
        <img
          alt="logo"
          src="https://cdn.jwplayer.com/images/HXyBCU5N.png"
        />
      </div>
      <nav>
        <a
          aria-current="page"
          class="function link() { [native code] } active"
          href="/"
        >
          <span>
            Home
          </span>
        </a>
        <a
          href="/p/:id"
        >
          <span>
            Playlist
          </span>
        </a>
        <a
          href="/u"
        >
          <span>
            Settings
          </span>
        </a>
      </nav>
    </div>
  </header>
</div>
`;
