// Vitest Snapshot v1

exports[`<Filter> > renders Filter 1`] = `
<div>
  <div
    aria-label="filter_videos_by"
    class="_filterRow_2153bc"
    role="listbox"
  >
    <button
      class="_button_f8f296 _default_f8f296 _outlined_f8f296"
      role="option"
    >
      <span>
        x
      </span>
    </button>
    <button
      class="_button_f8f296 _default_f8f296 _outlined_f8f296"
      role="option"
    >
      <span>
        y
      </span>
    </button>
    <button
      class="_button_f8f296 _default_f8f296 _outlined_f8f296"
      role="option"
    >
      <span>
        z
      </span>
    </button>
    <button
      class="_button_f8f296 _default_f8f296 _outlined_f8f296"
      role="option"
    >
      <span>
        bb
      </span>
    </button>
  </div>
</div>
`;
