// Jest Snapshot v1, https://goo.gl/fbAQLP

exports[`<Filter> renders Filter 1`] = `
<div>
  <div
    class="filterModal"
  >
    <div
      class="header"
    >
      <div
        aria-label="close"
        class="iconButton"
        role="button"
        tabindex="0"
      >
        <svg
          aria-hidden="true"
          class="icon"
          focusable="false"
          viewBox="0 0 24 24"
          xmlns="http://www.w3.org/2000/svg"
        >
          <g>
            <path
              d="M19 6.41L17.59 5 12 10.59 6.41 5 5 6.41 10.59 12 5 17.59 6.41 19 12 13.41 17.59 19 19 17.59 13.41 12z"
            />
            <path
              d="M0 0h24v24H0z"
              fill="none"
            />
          </g>
        </svg>
      </div>
      <h4>
        categories
      </h4>
    </div>
    <hr
      class="divider"
    />
    <div
      class="group"
    >
      <div
        class="menuButton"
        tabindex="0"
      >
        <span>
          x
        </span>
      </div>
      <div
        class="menuButton"
        tabindex="0"
      >
        <span>
          y
        </span>
      </div>
      <div
        class="menuButton"
        tabindex="0"
      >
        <span>
          z
        </span>
      </div>
      <div
        class="menuButton"
        tabindex="0"
      >
        <span>
          bb
        </span>
      </div>
    </div>
  </div>
  <div
    class="filterRow"
  >
    <button
      class="button"
    >
      <span>
        x
      </span>
    </button>
    <button
      class="button"
    >
      <span>
        y
      </span>
    </button>
    <button
      class="button"
    >
      <span>
        z
      </span>
    </button>
    <button
      class="button"
    >
      <span>
        bb
      </span>
    </button>
  </div>
</div>
`;
