// Vitest Snapshot v1

exports[`<ErrorPage> > renders and matches snapshot 1`] = `
<div>
  <div
    class="_errorPage_8c5621"
  >
    <div
      class="_box_8c5621"
    >
      <img
        alt="Logo"
        class="_image_8c5621"
        src="/images/logo.png"
      />
      <header>
        <h1
          class="_title_8c5621"
        >
          This is the title
        </h1>
      </header>
      <main
        class="_main_8c5621"
      >
        This is the content
      </main>
    </div>
  </div>
</div>
`;
