// Vitest Snapshot v1

exports[`<PaymentFailed> > renders and matches snapshot 1`] = `
<div>
  <div>
    <h2
      class="_title_957731"
    >
      checkout.payment_error
    </h2>
    <p
      class="_message_957731"
    >
      Error message
    </p>
    <div>
      <button
        class="_button_f8f296 _primary_f8f296 _fullWidth_f8f296 _large_f8f296"
      >
        <span>
          checkout.close
        </span>
      </button>
    </div>
  </div>
</div>
`;
