// Jest Snapshot v1, https://goo.gl/fbAQLP

exports[`<Account> renders and matches snapshot 1`] = `
<div>
  <form
    novalidate=""
  >
    <div>
      <div>
        <h3>
          account.email
        </h3>
      </div>
      <div
        class="flexBox"
      >
        <div
          class="textField"
        >
          <label
            class="label"
            for="text-field_1235_email"
          >
            account.email
            <span>
              optional
            </span>
          </label>
          <p>
            email@domain.com
          </p>
        </div>
        <div
          class="controls"
        >
          <button
            class="button default outlined"
            type="button"
          >
            <span>
              account.edit_account
            </span>
          </button>
        </div>
      </div>
    </div>
    <div>
      <div>
        <h3>
          account.security
        </h3>
      </div>
      <div>
        <strong>
          account.password
        </strong>
        <p>
          ****************
        </p>
        <button
          class="button default outlined"
          type="button"
        >
          <span>
            account.edit_password
          </span>
        </button>
      </div>
    </div>
    <div>
      <div>
        <h3>
          account.about_you
        </h3>
      </div>
      <div>
        <div
          class="flexBox"
        >
          <div
            class="textField"
          >
            <label
              class="label"
              for="text-field_1235_firstName"
            >
              account.firstname
              <span>
                optional
              </span>
            </label>
            <p>
              John
            </p>
          </div>
          <div
            class="textField"
          >
            <label
              class="label"
              for="text-field_1235_lastName"
            >
              account.lastname
              <span>
                optional
              </span>
            </label>
            <p>
              Doe
            </p>
          </div>
          <div
            class="controls"
          >
            <button
              class="button default outlined"
              type="button"
            >
              <span>
                account.edit_information
              </span>
            </button>
          </div>
        </div>
      </div>
    </div>
    <div>
      <div>
        <h3>
          account.terms_and_tracking
        </h3>
      </div>
    </div>
  </form>
</div>
`;
