// Jest Snapshot v1, https://goo.gl/fbAQLP

exports[`<LoginForm> renders and matches snapshot 1`] = `
<div>
  <div
    class="wrapper"
  >
    <span>
      Your session has expired, please login again.
    </span>
    <a
      class="button primary outlined"
      href="#"
    >
      <span>
        Sign in Again
      </span>
    </a>
  </div>
</div>
`;
