// Vitest Snapshot v1, https://vitest.dev/guide/snapshot.html

exports[`<CardGrid> > renders and matches snapshot 1`] = `
<div>
  <div>
    <div
      class="_container_7175d1 _cols-5_7175d1"
      role="grid"
    >
      <div
        class="_cell_7175d1"
        role="row"
      >
        <div
          role="cell"
        >
          <a
            aria-label="Agent 327"
            class="_card_d75732"
            href="/m/uB8aRnu6"
            tabindex="0"
          >
            <div
              class="_poster_d75732 _aspect169_d75732"
            >
              <div
                class="_meta_d75732"
              >
                <div
                  class="_tags_d75732"
                >
                  <div
                    class="_tag_d75732"
                  >
                    4 min
                  </div>
                </div>
              </div>
            </div>
            <div
              class="_titleContainer_d75732"
            >
              <div
                class="_title_d75732"
              >
                Agent 327
              </div>
            </div>
          </a>
        </div>
      </div>
      <div
        class="_cell_7175d1"
        role="row"
      >
        <div
          role="cell"
        >
          <a
            aria-label="Big Buck Bunny"
            class="_card_d75732"
            href="/m/awWEFyPu"
            tabindex="0"
          >
            <div
              class="_poster_d75732 _aspect169_d75732"
            >
              <div
                class="_meta_d75732"
              >
                <div
                  class="_tags_d75732"
                >
                  <div
                    class="_tag_d75732"
                  >
                    10 min
                  </div>
                </div>
              </div>
            </div>
            <div
              class="_titleContainer_d75732"
            >
              <div
                class="_title_d75732"
              >
                Big Buck Bunny
              </div>
            </div>
          </a>
        </div>
      </div>
      <div
        class="_cell_7175d1"
        role="row"
      >
        <div
          role="cell"
        >
          <a
            aria-label="Elephants Dream"
            class="_card_d75732"
            href="/m/eFPH2tVG"
            tabindex="0"
          >
            <div
              class="_poster_d75732 _aspect169_d75732"
            >
              <div
                class="_meta_d75732"
              >
                <div
                  class="_tags_d75732"
                >
                  <div
                    class="_tag_d75732"
                  >
                    11 min
                  </div>
                </div>
              </div>
            </div>
            <div
              class="_titleContainer_d75732"
            >
              <div
                class="_title_d75732"
              >
                Elephants Dream
              </div>
            </div>
          </a>
        </div>
      </div>
    </div>
  </div>
</div>
`;
