// Vitest Snapshot v1

exports[`<ResetPassword> > renders and matches snapshot 1`] = `
<div>
  <div>
    <h5
      class="title"
    >
      reset.reset_password
    </h5>
    <p
      class="text"
    >
      reset.text
    </p>
    <button
      aria-disabled="false"
      class="button button primary outlined fullWidth"
    >
      <span>
        reset.yes
      </span>
    </button>
    <button
      class="button default outlined fullWidth"
    >
      <span>
        reset.no
      </span>
    </button>
  </div>
</div>
`;
