// Jest Snapshot v1, https://goo.gl/fbAQLP

exports[`<About> renders and matches snapshot 1`] = `
<div>
  <div
    class="about"
  >
    <div>
      <h1>
        Lorem Ipsum
      </h1>
      <br />
      <br />
      <h2>
        Dolr Sit Amet
      </h2>
      <br />
      <br />
      - consectetur
      <br />
      - adipiscing
      <br />
      - elit
      <br />
    </div>
  </div>
</div>
`;
