// Vitest Snapshot v1

exports[`<PayPal> > renders and matches snapshot 1`] = `
<div>
  <div
    class="payPal"
  >
    <p>
      checkout.paypal_instructions
    </p>
    <button
      class="button primary fullWidth large"
    >
      <span>
        checkout.continue
      </span>
    </button>
  </div>
</div>
`;
