// Vitest Snapshot v1

exports[`<CardGrid> > renders and matches snapshot 1`] = `
<div>
  <div
    class="container"
  >
    <div
      style="overflow: visible; width: 0px;"
    >
      <div
        aria-label="grid"
        aria-readonly="true"
        class="ReactVirtualized__Grid grid"
        role="grid"
        style="box-sizing: border-box; direction: ltr; height: auto; position: relative; width: 0px; will-change: transform; overflow-x: hidden; overflow-y: hidden;"
        tabindex="-1"
      />
    </div>
    <div
      class="resize-triggers"
    >
      <div
        class="expand-trigger"
      >
        <div
          style="width: 1px; height: 1px;"
        />
      </div>
      <div
        class="contract-trigger"
      />
    </div>
  </div>
</div>
`;
