// Vitest Snapshot v1, https://vitest.dev/guide/snapshot.html

exports[`<CardGrid> > renders and matches snapshot 1`] = `
<div>
  <div>
    <div
      class="_container_7175d1 _cols-5_7175d1"
      role="grid"
    >
      <div
        class="_cell_7175d1"
        role="row"
      >
        <div
          role="cell"
        >
          <a
            aria-label=""
            class="_card_d75732"
            href="/m/placeholder_0/?r="
            role="button"
            tabindex="0"
          >
            <div
              class="_poster_d75732 _aspect169_d75732"
            >
              <div
                class="_meta_d75732"
              >
                <div
                  class="_tags_d75732"
                />
              </div>
            </div>
            <div
              class="_titleContainer_d75732"
            >
              <div
                class="_title_d75732"
              />
            </div>
          </a>
        </div>
      </div>
      <div
        class="_cell_7175d1"
        role="row"
      >
        <div
          role="cell"
        >
          <a
            aria-label=""
            class="_card_d75732"
            href="/m/placeholder_1/?r="
            role="button"
            tabindex="0"
          >
            <div
              class="_poster_d75732 _aspect169_d75732"
            >
              <div
                class="_meta_d75732"
              >
                <div
                  class="_tags_d75732"
                />
              </div>
            </div>
            <div
              class="_titleContainer_d75732"
            >
              <div
                class="_title_d75732"
              />
            </div>
          </a>
        </div>
      </div>
      <div
        class="_cell_7175d1"
        role="row"
      >
        <div
          role="cell"
        >
          <a
            aria-label=""
            class="_card_d75732"
            href="/m/placeholder_2/?r="
            role="button"
            tabindex="0"
          >
            <div
              class="_poster_d75732 _aspect169_d75732"
            >
              <div
                class="_meta_d75732"
              >
                <div
                  class="_tags_d75732"
                />
              </div>
            </div>
            <div
              class="_titleContainer_d75732"
            >
              <div
                class="_title_d75732"
              />
            </div>
          </a>
        </div>
      </div>
      <div
        class="_cell_7175d1"
        role="row"
      >
        <div
          role="cell"
        >
          <a
            aria-label=""
            class="_card_d75732"
            href="/m/placeholder_3/?r="
            role="button"
            tabindex="0"
          >
            <div
              class="_poster_d75732 _aspect169_d75732"
            >
              <div
                class="_meta_d75732"
              >
                <div
                  class="_tags_d75732"
                />
              </div>
            </div>
            <div
              class="_titleContainer_d75732"
            >
              <div
                class="_title_d75732"
              />
            </div>
          </a>
        </div>
      </div>
      <div
        class="_cell_7175d1"
        role="row"
      >
        <div
          role="cell"
        >
          <a
            aria-label=""
            class="_card_d75732"
            href="/m/placeholder_4/?r="
            role="button"
            tabindex="0"
          >
            <div
              class="_poster_d75732 _aspect169_d75732"
            >
              <div
                class="_meta_d75732"
              >
                <div
                  class="_tags_d75732"
                />
              </div>
            </div>
            <div
              class="_titleContainer_d75732"
            >
              <div
                class="_title_d75732"
              />
            </div>
          </a>
        </div>
      </div>
      <div
        class="_cell_7175d1"
        role="row"
      >
        <div
          role="cell"
        >
          <a
            aria-label=""
            class="_card_d75732"
            href="/m/placeholder_5/?r="
            role="button"
            tabindex="0"
          >
            <div
              class="_poster_d75732 _aspect169_d75732"
            >
              <div
                class="_meta_d75732"
              >
                <div
                  class="_tags_d75732"
                />
              </div>
            </div>
            <div
              class="_titleContainer_d75732"
            >
              <div
                class="_title_d75732"
              />
            </div>
          </a>
        </div>
      </div>
      <div
        class="_cell_7175d1"
        role="row"
      >
        <div
          role="cell"
        >
          <a
            aria-label=""
            class="_card_d75732"
            href="/m/placeholder_6/?r="
            role="button"
            tabindex="0"
          >
            <div
              class="_poster_d75732 _aspect169_d75732"
            >
              <div
                class="_meta_d75732"
              >
                <div
                  class="_tags_d75732"
                />
              </div>
            </div>
            <div
              class="_titleContainer_d75732"
            >
              <div
                class="_title_d75732"
              />
            </div>
          </a>
        </div>
      </div>
      <div
        class="_cell_7175d1"
        role="row"
      >
        <div
          role="cell"
        >
          <a
            aria-label=""
            class="_card_d75732"
            href="/m/placeholder_7/?r="
            role="button"
            tabindex="0"
          >
            <div
              class="_poster_d75732 _aspect169_d75732"
            >
              <div
                class="_meta_d75732"
              >
                <div
                  class="_tags_d75732"
                />
              </div>
            </div>
            <div
              class="_titleContainer_d75732"
            >
              <div
                class="_title_d75732"
              />
            </div>
          </a>
        </div>
      </div>
      <div
        class="_cell_7175d1"
        role="row"
      >
        <div
          role="cell"
        >
          <a
            aria-label=""
            class="_card_d75732"
            href="/m/placeholder_8/?r="
            role="button"
            tabindex="0"
          >
            <div
              class="_poster_d75732 _aspect169_d75732"
            >
              <div
                class="_meta_d75732"
              >
                <div
                  class="_tags_d75732"
                />
              </div>
            </div>
            <div
              class="_titleContainer_d75732"
            >
              <div
                class="_title_d75732"
              />
            </div>
          </a>
        </div>
      </div>
      <div
        class="_cell_7175d1"
        role="row"
      >
        <div
          role="cell"
        >
          <a
            aria-label=""
            class="_card_d75732"
            href="/m/placeholder_9/?r="
            role="button"
            tabindex="0"
          >
            <div
              class="_poster_d75732 _aspect169_d75732"
            >
              <div
                class="_meta_d75732"
              >
                <div
                  class="_tags_d75732"
                />
              </div>
            </div>
            <div
              class="_titleContainer_d75732"
            >
              <div
                class="_title_d75732"
              />
            </div>
          </a>
        </div>
      </div>
      <div
        class="_cell_7175d1"
        role="row"
      >
        <div
          role="cell"
        >
          <a
            aria-label=""
            class="_card_d75732"
            href="/m/placeholder_10/?r="
            role="button"
            tabindex="0"
          >
            <div
              class="_poster_d75732 _aspect169_d75732"
            >
              <div
                class="_meta_d75732"
              >
                <div
                  class="_tags_d75732"
                />
              </div>
            </div>
            <div
              class="_titleContainer_d75732"
            >
              <div
                class="_title_d75732"
              />
            </div>
          </a>
        </div>
      </div>
      <div
        class="_cell_7175d1"
        role="row"
      >
        <div
          role="cell"
        >
          <a
            aria-label=""
            class="_card_d75732"
            href="/m/placeholder_11/?r="
            role="button"
            tabindex="0"
          >
            <div
              class="_poster_d75732 _aspect169_d75732"
            >
              <div
                class="_meta_d75732"
              >
                <div
                  class="_tags_d75732"
                />
              </div>
            </div>
            <div
              class="_titleContainer_d75732"
            >
              <div
                class="_title_d75732"
              />
            </div>
          </a>
        </div>
      </div>
      <div
        class="_cell_7175d1"
        role="row"
      >
        <div
          role="cell"
        >
          <a
            aria-label=""
            class="_card_d75732"
            href="/m/placeholder_12/?r="
            role="button"
            tabindex="0"
          >
            <div
              class="_poster_d75732 _aspect169_d75732"
            >
              <div
                class="_meta_d75732"
              >
                <div
                  class="_tags_d75732"
                />
              </div>
            </div>
            <div
              class="_titleContainer_d75732"
            >
              <div
                class="_title_d75732"
              />
            </div>
          </a>
        </div>
      </div>
      <div
        class="_cell_7175d1"
        role="row"
      >
        <div
          role="cell"
        >
          <a
            aria-label=""
            class="_card_d75732"
            href="/m/placeholder_13/?r="
            role="button"
            tabindex="0"
          >
            <div
              class="_poster_d75732 _aspect169_d75732"
            >
              <div
                class="_meta_d75732"
              >
                <div
                  class="_tags_d75732"
                />
              </div>
            </div>
            <div
              class="_titleContainer_d75732"
            >
              <div
                class="_title_d75732"
              />
            </div>
          </a>
        </div>
      </div>
      <div
        class="_cell_7175d1"
        role="row"
      >
        <div
          role="cell"
        >
          <a
            aria-label=""
            class="_card_d75732"
            href="/m/placeholder_14/?r="
            role="button"
            tabindex="0"
          >
            <div
              class="_poster_d75732 _aspect169_d75732"
            >
              <div
                class="_meta_d75732"
              >
                <div
                  class="_tags_d75732"
                />
              </div>
            </div>
            <div
              class="_titleContainer_d75732"
            >
              <div
                class="_title_d75732"
              />
            </div>
          </a>
        </div>
      </div>
    </div>
  </div>
</div>
`;
