// Vitest Snapshot v1

exports[`<CardGrid> > renders and matches snapshot 1`] = `
<div>
  <div>
    <div
      class="_container_7175d1 _cols-5_7175d1"
      role="grid"
    >
      <div
        class="_cell_7175d1"
        role="row"
      >
        <div
          role="cell"
        >
          <div
            aria-label="play_item"
            class="_card_d75732"
            role="button"
            tabindex="0"
          >
            <div
              class="_poster_d75732 _aspect169_d75732"
            >
              <div
                class="_meta_d75732"
              >
                <div
                  class="_tags_d75732"
                />
              </div>
            </div>
            <div
              class="_titleContainer_d75732"
            >
              <div
                class="_title_d75732"
              />
            </div>
          </div>
        </div>
      </div>
      <div
        class="_cell_7175d1"
        role="row"
      >
        <div
          role="cell"
        >
          <div
            aria-label="play_item"
            class="_card_d75732"
            role="button"
            tabindex="0"
          >
            <div
              class="_poster_d75732 _aspect169_d75732"
            >
              <div
                class="_meta_d75732"
              >
                <div
                  class="_tags_d75732"
                />
              </div>
            </div>
            <div
              class="_titleContainer_d75732"
            >
              <div
                class="_title_d75732"
              />
            </div>
          </div>
        </div>
      </div>
      <div
        class="_cell_7175d1"
        role="row"
      >
        <div
          role="cell"
        >
          <div
            aria-label="play_item"
            class="_card_d75732"
            role="button"
            tabindex="0"
          >
            <div
              class="_poster_d75732 _aspect169_d75732"
            >
              <div
                class="_meta_d75732"
              >
                <div
                  class="_tags_d75732"
                />
              </div>
            </div>
            <div
              class="_titleContainer_d75732"
            >
              <div
                class="_title_d75732"
              />
            </div>
          </div>
        </div>
      </div>
      <div
        class="_cell_7175d1"
        role="row"
      >
        <div
          role="cell"
        >
          <div
            aria-label="play_item"
            class="_card_d75732"
            role="button"
            tabindex="0"
          >
            <div
              class="_poster_d75732 _aspect169_d75732"
            >
              <div
                class="_meta_d75732"
              >
                <div
                  class="_tags_d75732"
                />
              </div>
            </div>
            <div
              class="_titleContainer_d75732"
            >
              <div
                class="_title_d75732"
              />
            </div>
          </div>
        </div>
      </div>
      <div
        class="_cell_7175d1"
        role="row"
      >
        <div
          role="cell"
        >
          <div
            aria-label="play_item"
            class="_card_d75732"
            role="button"
            tabindex="0"
          >
            <div
              class="_poster_d75732 _aspect169_d75732"
            >
              <div
                class="_meta_d75732"
              >
                <div
                  class="_tags_d75732"
                />
              </div>
            </div>
            <div
              class="_titleContainer_d75732"
            >
              <div
                class="_title_d75732"
              />
            </div>
          </div>
        </div>
      </div>
      <div
        class="_cell_7175d1"
        role="row"
      >
        <div
          role="cell"
        >
          <div
            aria-label="play_item"
            class="_card_d75732"
            role="button"
            tabindex="0"
          >
            <div
              class="_poster_d75732 _aspect169_d75732"
            >
              <div
                class="_meta_d75732"
              >
                <div
                  class="_tags_d75732"
                />
              </div>
            </div>
            <div
              class="_titleContainer_d75732"
            >
              <div
                class="_title_d75732"
              />
            </div>
          </div>
        </div>
      </div>
      <div
        class="_cell_7175d1"
        role="row"
      >
        <div
          role="cell"
        >
          <div
            aria-label="play_item"
            class="_card_d75732"
            role="button"
            tabindex="0"
          >
            <div
              class="_poster_d75732 _aspect169_d75732"
            >
              <div
                class="_meta_d75732"
              >
                <div
                  class="_tags_d75732"
                />
              </div>
            </div>
            <div
              class="_titleContainer_d75732"
            >
              <div
                class="_title_d75732"
              />
            </div>
          </div>
        </div>
      </div>
      <div
        class="_cell_7175d1"
        role="row"
      >
        <div
          role="cell"
        >
          <div
            aria-label="play_item"
            class="_card_d75732"
            role="button"
            tabindex="0"
          >
            <div
              class="_poster_d75732 _aspect169_d75732"
            >
              <div
                class="_meta_d75732"
              >
                <div
                  class="_tags_d75732"
                />
              </div>
            </div>
            <div
              class="_titleContainer_d75732"
            >
              <div
                class="_title_d75732"
              />
            </div>
          </div>
        </div>
      </div>
      <div
        class="_cell_7175d1"
        role="row"
      >
        <div
          role="cell"
        >
          <div
            aria-label="play_item"
            class="_card_d75732"
            role="button"
            tabindex="0"
          >
            <div
              class="_poster_d75732 _aspect169_d75732"
            >
              <div
                class="_meta_d75732"
              >
                <div
                  class="_tags_d75732"
                />
              </div>
            </div>
            <div
              class="_titleContainer_d75732"
            >
              <div
                class="_title_d75732"
              />
            </div>
          </div>
        </div>
      </div>
      <div
        class="_cell_7175d1"
        role="row"
      >
        <div
          role="cell"
        >
          <div
            aria-label="play_item"
            class="_card_d75732"
            role="button"
            tabindex="0"
          >
            <div
              class="_poster_d75732 _aspect169_d75732"
            >
              <div
                class="_meta_d75732"
              >
                <div
                  class="_tags_d75732"
                />
              </div>
            </div>
            <div
              class="_titleContainer_d75732"
            >
              <div
                class="_title_d75732"
              />
            </div>
          </div>
        </div>
      </div>
      <div
        class="_cell_7175d1"
        role="row"
      >
        <div
          role="cell"
        >
          <div
            aria-label="play_item"
            class="_card_d75732"
            role="button"
            tabindex="0"
          >
            <div
              class="_poster_d75732 _aspect169_d75732"
            >
              <div
                class="_meta_d75732"
              >
                <div
                  class="_tags_d75732"
                />
              </div>
            </div>
            <div
              class="_titleContainer_d75732"
            >
              <div
                class="_title_d75732"
              />
            </div>
          </div>
        </div>
      </div>
      <div
        class="_cell_7175d1"
        role="row"
      >
        <div
          role="cell"
        >
          <div
            aria-label="play_item"
            class="_card_d75732"
            role="button"
            tabindex="0"
          >
            <div
              class="_poster_d75732 _aspect169_d75732"
            >
              <div
                class="_meta_d75732"
              >
                <div
                  class="_tags_d75732"
                />
              </div>
            </div>
            <div
              class="_titleContainer_d75732"
            >
              <div
                class="_title_d75732"
              />
            </div>
          </div>
        </div>
      </div>
      <div
        class="_cell_7175d1"
        role="row"
      >
        <div
          role="cell"
        >
          <div
            aria-label="play_item"
            class="_card_d75732"
            role="button"
            tabindex="0"
          >
            <div
              class="_poster_d75732 _aspect169_d75732"
            >
              <div
                class="_meta_d75732"
              >
                <div
                  class="_tags_d75732"
                />
              </div>
            </div>
            <div
              class="_titleContainer_d75732"
            >
              <div
                class="_title_d75732"
              />
            </div>
          </div>
        </div>
      </div>
      <div
        class="_cell_7175d1"
        role="row"
      >
        <div
          role="cell"
        >
          <div
            aria-label="play_item"
            class="_card_d75732"
            role="button"
            tabindex="0"
          >
            <div
              class="_poster_d75732 _aspect169_d75732"
            >
              <div
                class="_meta_d75732"
              >
                <div
                  class="_tags_d75732"
                />
              </div>
            </div>
            <div
              class="_titleContainer_d75732"
            >
              <div
                class="_title_d75732"
              />
            </div>
          </div>
        </div>
      </div>
      <div
        class="_cell_7175d1"
        role="row"
      >
        <div
          role="cell"
        >
          <div
            aria-label="play_item"
            class="_card_d75732"
            role="button"
            tabindex="0"
          >
            <div
              class="_poster_d75732 _aspect169_d75732"
            >
              <div
                class="_meta_d75732"
              >
                <div
                  class="_tags_d75732"
                />
              </div>
            </div>
            <div
              class="_titleContainer_d75732"
            >
              <div
                class="_title_d75732"
              />
            </div>
          </div>
        </div>
      </div>
    </div>
  </div>
</div>
`;
