// Vitest Snapshot v1

exports[`<ConfigSelect> > renders and matches snapshot 1`] = `
<div>
  <div
    class="_container_bb73c6 _dropdown_40fc26"
  >
    <div
      class="_dropdown_bb73c6"
    >
      <select
        aria-required="false"
        class="_select_bb73c6"
        id="1235"
        name="config-select"
      >
        <option
          class="_option_bb73c6"
          value=""
        >
          Default config
        </option>
        <option
          class="_option_bb73c6"
          value="test--accounts"
        >
          test--accounts
        </option>
        <option
          class="_option_bb73c6"
          value="test--blender"
        >
          test--blender
        </option>
        <option
          class="_option_bb73c6"
          value="test--dev"
        >
          test--dev
        </option>
        <option
          class="_option_bb73c6"
          value="test--inline-player"
        >
          test--inline-player
        </option>
        <option
          class="_option_bb73c6"
          value="test--no-cleeng"
        >
          test--no-cleeng
        </option>
        <option
          class="_option_bb73c6"
          value="test--no-watchlists"
        >
          test--no-watchlists
        </option>
        <option
          class="_option_bb73c6"
          value="test--subscription"
        >
          test--subscription
        </option>
      </select>
    </div>
  </div>
</div>
`;
