// Vitest Snapshot v1

exports[`<CancelSubscriptionForm> > renders and matches snapshot 1`] = `
<div>
  <div>
    <h2
      class="title"
    >
      cancel_subscription.title
    </h2>
    <p>
      cancel_subscription.explanation
    </p>
    <button
      aria-disabled="false"
      class="button confirmButton primary fullWidth"
    >
      <span>
        cancel_subscription.unsubscribe
      </span>
    </button>
    <button
      class="button default outlined fullWidth"
    >
      <span>
        cancel_subscription.no_thanks
      </span>
    </button>
  </div>
</div>
`;
