// Vitest Snapshot v1

exports[`<CancelSubscriptionForm> > renders and matches snapshot 1`] = `
<div>
  <div>
    <h2
      class="_title_dba43b"
    >
      cancel_subscription.title
    </h2>
    <p>
      cancel_subscription.explanation
    </p>
    <button
      aria-disabled="false"
      class="_button_f8f296 _confirmButton_dba43b _primary_f8f296 _fullWidth_f8f296"
    >
      <span>
        cancel_subscription.unsubscribe
      </span>
    </button>
    <button
      class="_button_f8f296 _default_f8f296 _outlined_f8f296 _fullWidth_f8f296"
    >
      <span>
        cancel_subscription.no_thanks
      </span>
    </button>
  </div>
</div>
`;
