// Jest Snapshot v1, https://goo.gl/fbAQLP

exports[`<Popover> renders and matches snapshot 1`] = `
<div>
  <div
    style="transition: transform 0.3s ease-out; transform: translateX(15px); z-index: 15;"
  >
    <div
      class="popover"
    >
      <a
        aria-current="page"
        class="menuButton active"
        href="/"
        tabindex="0"
      >
        <span>
          Home
        </span>
      </a>
    </div>
  </div>
</div>
`;
