// Vitest Snapshot v1

exports[`<ConfirmationDialog> > renders and matches snapshot 1`] = `
<div>
  <div
    open=""
  >
    <h2
      class="_title_47d3b3"
    >
      Title
    </h2>
    <p
      class="_body_47d3b3"
    >
      Body
    </p>
    <button
      class="_button_f8f296 _confirmButton_47d3b3 _primary_f8f296 _fullWidth_f8f296"
    >
      <span>
        confirmation_dialog.confirm
      </span>
    </button>
    <button
      class="_button_f8f296 _default_f8f296 _outlined_f8f296 _fullWidth_f8f296"
    >
      <span>
        confirmation_dialog.close
      </span>
    </button>
  </div>
</div>
`;
