// Vitest Snapshot v1, https://vitest.dev/guide/snapshot.html

exports[`<CustomRegisterField> > renders and matches snapshot <Checkbox> 1`] = `
<div>
  <div
    class="_checkbox_531f07"
  >
    <div
      class="_row_531f07"
    >
      <input
        id="check-box_1235_name"
        name="name"
        type="checkbox"
        value=""
      />
      <label
        for="check-box_1235_name"
      >
        label
      </label>
    </div>
  </div>
</div>
`;

exports[`<CustomRegisterField> > renders and matches snapshot <Dropdown type="country"> 1`] = `
<div>
  <div
    class="_checkbox_531f07"
  >
    <div
      class="_row_531f07"
    >
      <input
        id="check-box_1235_name"
        name="name"
        type="checkbox"
        value=""
      />
      <label
        for="check-box_1235_name"
      >
        label
      </label>
    </div>
  </div>
</div>
`;

exports[`<CustomRegisterField> > renders and matches snapshot <Dropdown type="datepicker"> 1`] = `
<div>
  <div
    class="_checkbox_531f07"
  >
    <div
      class="_row_531f07"
    >
      <input
        id="check-box_1235_name"
        name="name"
        type="checkbox"
        value=""
      />
      <label
        for="check-box_1235_name"
      >
        label
      </label>
    </div>
  </div>
</div>
`;

exports[`<CustomRegisterField> > renders and matches snapshot <Dropdown type="randomstring"> 1`] = `
<div>
  <div
    class="_checkbox_531f07"
  >
    <div
      class="_row_531f07"
    >
      <input
        id="check-box_1235_name"
        name="name"
        type="checkbox"
        value=""
      />
      <label
        for="check-box_1235_name"
      >
        label
      </label>
    </div>
  </div>
</div>
`;

exports[`<CustomRegisterField> > renders and matches snapshot <Dropdown type="select"> 1`] = `
<div>
  <div
    class="_checkbox_531f07"
  >
    <div
      class="_row_531f07"
    >
      <input
        id="check-box_1235_name"
        name="name"
        type="checkbox"
        value=""
      />
      <label
        for="check-box_1235_name"
      >
        label
      </label>
    </div>
  </div>
</div>
`;

exports[`<CustomRegisterField> > renders and matches snapshot <Dropdown type="us_state"> 1`] = `
<div>
  <div
    class="_checkbox_531f07"
  >
    <div
      class="_row_531f07"
    >
      <input
        id="check-box_1235_name"
        name="name"
        type="checkbox"
        value=""
      />
      <label
        for="check-box_1235_name"
      >
        label
      </label>
    </div>
  </div>
</div>
`;

exports[`<CustomRegisterField> > renders and matches snapshot <Radio> 1`] = `
<div>
  <div
    class="_checkbox_531f07"
  >
    <div
      class="_row_531f07"
    >
      <input
        id="check-box_1235_name"
        name="name"
        type="checkbox"
        value=""
      />
      <label
        for="check-box_1235_name"
      >
        label
      </label>
    </div>
  </div>
</div>
`;

exports[`<CustomRegisterField> > renders and matches snapshot <TextField> 1`] = `
<div>
  <div
    class="_checkbox_531f07"
  >
    <div
      class="_row_531f07"
    >
      <input
        id="check-box_1235_name"
        name="name"
        type="checkbox"
        value=""
      />
      <label
        for="check-box_1235_name"
      >
        label
      </label>
    </div>
  </div>
</div>
`;
